This is pdfTeX, Version 3.141592653-2.6-1.40.25 (MiKTeX 24.1) (preloaded format=pdflatex 2024.10.3)  11 JUN 2026 18:48
entering extended mode
 restricted \write18 enabled.
 file:line:error style messages enabled.
 %&-line parsing enabled.
**"c:/Users/manul/Desktop/4to año/medidasElectronicas/TP4/main.tex"
(c:/Users/manul/Desktop/4to año/medidasElectronicas/TP4/main.tex
LaTeX2e <2023-11-01> patch level 1
L3 programming layer <2024-01-04>
(plantilla.cls (C:\Users\manul\AppData\Local\Programs\Paquete_Latex\tex/latex/ieeetran\IEEEtran.cls
Document Class: IEEEtran 2015/08/26 V1.8b by Michael Shell
-- See the "IEEEtran_HOWTO" manual for usage information.
-- http://www.michaelshell.org/tex/ieeetran/
\@IEEEtrantmpdimenA=\dimen140
\@IEEEtrantmpdimenB=\dimen141
\@IEEEtrantmpdimenC=\dimen142
\@IEEEtrantmpcountA=\count187
\@IEEEtrantmpcountB=\count188
\@IEEEtrantmpcountC=\count189
\@IEEEtrantmptoksA=\toks17
LaTeX Font Info:    Trying to load font information for OT1+ptm on input line 503.
(C:\Users\manul\AppData\Local\Programs\Paquete_Latex\tex/latex/psnfss\ot1ptm.fd
File: ot1ptm.fd 2001/06/04 font definitions for OT1/ptm.
)
-- Using 210mm x 297mm (a4) paper.
-- Using PDF output.
\@IEEEnormalsizeunitybaselineskip=\dimen143
-- This is a 10 point document.
\CLASSINFOnormalsizebaselineskip=\dimen144
\CLASSINFOnormalsizeunitybaselineskip=\dimen145
\IEEEnormaljot=\dimen146
LaTeX Font Info:    Font shape `OT1/ptm/bx/n' in size <5> not available
(Font)              Font shape `OT1/ptm/b/n' tried instead on input line 1090.
LaTeX Font Info:    Font shape `OT1/ptm/bx/it' in size <5> not available
(Font)              Font shape `OT1/ptm/b/it' tried instead on input line 1090.
LaTeX Font Info:    Font shape `OT1/ptm/bx/n' in size <7> not available
(Font)              Font shape `OT1/ptm/b/n' tried instead on input line 1090.
LaTeX Font Info:    Font shape `OT1/ptm/bx/it' in size <7> not available
(Font)              Font shape `OT1/ptm/b/it' tried instead on input line 1090.
LaTeX Font Info:    Font shape `OT1/ptm/bx/n' in size <8> not available
(Font)              Font shape `OT1/ptm/b/n' tried instead on input line 1090.
LaTeX Font Info:    Font shape `OT1/ptm/bx/it' in size <8> not available
(Font)              Font shape `OT1/ptm/b/it' tried instead on input line 1090.
LaTeX Font Info:    Font shape `OT1/ptm/bx/n' in size <9> not available
(Font)              Font shape `OT1/ptm/b/n' tried instead on input line 1090.
LaTeX Font Info:    Font shape `OT1/ptm/bx/it' in size <9> not available
(Font)              Font shape `OT1/ptm/b/it' tried instead on input line 1090.
LaTeX Font Info:    Font shape `OT1/ptm/bx/n' in size <10> not available
(Font)              Font shape `OT1/ptm/b/n' tried instead on input line 1090.
LaTeX Font Info:    Font shape `OT1/ptm/bx/it' in size <10> not available
(Font)              Font shape `OT1/ptm/b/it' tried instead on input line 1090.
LaTeX Font Info:    Font shape `OT1/ptm/bx/n' in size <11> not available
(Font)              Font shape `OT1/ptm/b/n' tried instead on input line 1090.
LaTeX Font Info:    Font shape `OT1/ptm/bx/it' in size <11> not available
(Font)              Font shape `OT1/ptm/b/it' tried instead on input line 1090.
LaTeX Font Info:    Font shape `OT1/ptm/bx/n' in size <12> not available
(Font)              Font shape `OT1/ptm/b/n' tried instead on input line 1090.
LaTeX Font Info:    Font shape `OT1/ptm/bx/it' in size <12> not available
(Font)              Font shape `OT1/ptm/b/it' tried instead on input line 1090.
LaTeX Font Info:    Font shape `OT1/ptm/bx/n' in size <17> not available
(Font)              Font shape `OT1/ptm/b/n' tried instead on input line 1090.
LaTeX Font Info:    Font shape `OT1/ptm/bx/it' in size <17> not available
(Font)              Font shape `OT1/ptm/b/it' tried instead on input line 1090.
LaTeX Font Info:    Font shape `OT1/ptm/bx/n' in size <20> not available
(Font)              Font shape `OT1/ptm/b/n' tried instead on input line 1090.
LaTeX Font Info:    Font shape `OT1/ptm/bx/it' in size <20> not available
(Font)              Font shape `OT1/ptm/b/it' tried instead on input line 1090.
LaTeX Font Info:    Font shape `OT1/ptm/bx/n' in size <24> not available
(Font)              Font shape `OT1/ptm/b/n' tried instead on input line 1090.
LaTeX Font Info:    Font shape `OT1/ptm/bx/it' in size <24> not available
(Font)              Font shape `OT1/ptm/b/it' tried instead on input line 1090.
\IEEEquantizedlength=\dimen147
\IEEEquantizedlengthdiff=\dimen148
\IEEEquantizedtextheightdiff=\dimen149
\IEEEilabelindentA=\dimen150
\IEEEilabelindentB=\dimen151
\IEEEilabelindent=\dimen152
\IEEEelabelindent=\dimen153
\IEEEdlabelindent=\dimen154
\IEEElabelindent=\dimen155
\IEEEiednormlabelsep=\dimen156
\IEEEiedmathlabelsep=\dimen157
\IEEEiedtopsep=\skip48
\c@section=\count190
\c@subsection=\count191
\c@subsubsection=\count192
\c@paragraph=\count193
\c@IEEEsubequation=\count194
\abovecaptionskip=\skip49
\belowcaptionskip=\skip50
\c@figure=\count195
\c@table=\count196
\@IEEEeqnnumcols=\count197
\@IEEEeqncolcnt=\count198
\@IEEEsubeqnnumrollback=\count199
\@IEEEquantizeheightA=\dimen158
\@IEEEquantizeheightB=\dimen159
\@IEEEquantizeheightC=\dimen160
\@IEEEquantizeprevdepth=\dimen161
\@IEEEquantizemultiple=\count266
\@IEEEquantizeboxA=\box51
\@IEEEtmpitemindent=\dimen162
\IEEEPARstartletwidth=\dimen163
\c@IEEEbiography=\count267
\@IEEEtranrubishbin=\box52
) (C:\Users\manul\AppData\Local\Programs\Paquete_Latex\tex/latex/base\inputenc.sty
Package: inputenc 2021/02/14 v1.3d Input encoding file
\inpenc@prehook=\toks18
\inpenc@posthook=\toks19
) (C:\Users\manul\AppData\Local\Programs\Paquete_Latex\tex/generic/babel\babel.sty
Package: babel 2024/01/07 v24.1 The Babel package
\babel@savecnt=\count268
\U@D=\dimen164
\l@unhyphenated=\language79
 (C:\Users\manul\AppData\Local\Programs\Paquete_Latex\tex/generic/babel\txtbabel.def)
\bbl@readstream=\read2
\bbl@dirlevel=\count269

*************************************
* Local config file bblopts.cfg used
*
(C:\Users\manul\AppData\Local\Programs\Paquete_Latex\tex/latex/arabi\bblopts.cfg
File: bblopts.cfg 2005/09/08 v0.1 add Arabic and Farsi to "declared" options of babel
)
Package babel Info: Main language set with 'main='. Except if you have
(babel)             problems, prefer the default mechanism for setting
(babel)             the main language, ie, as the last declared.
(babel)             Reported on input line 4250.
 (C:\Users\manul\AppData\Local\Programs\Paquete_Latex\tex/latex/babel-spanish\spanish.ldf
Language: spanish.ldf 2021/05/27 v5.0q Spanish support from the babel system
\es@quottoks=\toks20
\es@quotdepth=\count270
Package babel Info: Making " an active character on input line 570.
Package babel Info: Making . an active character on input line 675.
Package babel Info: Making < an active character on input line 722.
Package babel Info: Making > an active character on input line 722.
)) (C:\Users\manul\AppData\Local\Programs\Paquete_Latex\tex/generic/babel/locale/es\babel-spanish.tex
Package babel Info: Importing font and identification data for spanish
(babel)             from babel-es.ini. Reported on input line 11.
) (C:\Users\manul\AppData\Local\Programs\Paquete_Latex\tex/latex/psnfss\mathptmx.sty
Package: mathptmx 2020/03/25 PSNFSS-v9.3 Times w/ Math, improved (SPQR, WaS) 
LaTeX Font Info:    Redeclaring symbol font `operators' on input line 28.
LaTeX Font Info:    Overwriting symbol font `operators' in version `normal'
(Font)                  OT1/cmr/m/n --> OT1/ztmcm/m/n on input line 28.
LaTeX Font Info:    Overwriting symbol font `operators' in version `bold'
(Font)                  OT1/cmr/bx/n --> OT1/ztmcm/m/n on input line 28.
LaTeX Font Info:    Redeclaring symbol font `letters' on input line 29.
LaTeX Font Info:    Overwriting symbol font `letters' in version `normal'
(Font)                  OML/cmm/m/it --> OML/ztmcm/m/it on input line 29.
LaTeX Font Info:    Overwriting symbol font `letters' in version `bold'
(Font)                  OML/cmm/b/it --> OML/ztmcm/m/it on input line 29.
LaTeX Font Info:    Redeclaring symbol font `symbols' on input line 30.
LaTeX Font Info:    Overwriting symbol font `symbols' in version `normal'
(Font)                  OMS/cmsy/m/n --> OMS/ztmcm/m/n on input line 30.
LaTeX Font Info:    Overwriting symbol font `symbols' in version `bold'
(Font)                  OMS/cmsy/b/n --> OMS/ztmcm/m/n on input line 30.
LaTeX Font Info:    Redeclaring symbol font `largesymbols' on input line 31.
LaTeX Font Info:    Overwriting symbol font `largesymbols' in version `normal'
(Font)                  OMX/cmex/m/n --> OMX/ztmcm/m/n on input line 31.
LaTeX Font Info:    Overwriting symbol font `largesymbols' in version `bold'
(Font)                  OMX/cmex/m/n --> OMX/ztmcm/m/n on input line 31.
\symbold=\mathgroup4
\symitalic=\mathgroup5
LaTeX Font Info:    Redeclaring math alphabet \mathbf on input line 34.
LaTeX Font Info:    Overwriting math alphabet `\mathbf' in version `normal'
(Font)                  OT1/cmr/bx/n --> OT1/ptm/bx/n on input line 34.
LaTeX Font Info:    Overwriting math alphabet `\mathbf' in version `bold'
(Font)                  OT1/cmr/bx/n --> OT1/ptm/bx/n on input line 34.
LaTeX Font Info:    Redeclaring math alphabet \mathit on input line 35.
LaTeX Font Info:    Overwriting math alphabet `\mathit' in version `normal'
(Font)                  OT1/cmr/m/it --> OT1/ptm/m/it on input line 35.
LaTeX Font Info:    Overwriting math alphabet `\mathit' in version `bold'
(Font)                  OT1/cmr/bx/it --> OT1/ptm/m/it on input line 35.
LaTeX Info: Redefining \hbar on input line 50.
) (C:\Users\manul\AppData\Local\Programs\Paquete_Latex\tex/latex/graphics\graphicx.sty
Package: graphicx 2021/09/16 v1.2d Enhanced LaTeX Graphics (DPC,SPQR)
 (C:\Users\manul\AppData\Local\Programs\Paquete_Latex\tex/latex/graphics\keyval.sty
Package: keyval 2022/05/29 v1.15 key=value parser (DPC)
\KV@toks@=\toks21
) (C:\Users\manul\AppData\Local\Programs\Paquete_Latex\tex/latex/graphics\graphics.sty
Package: graphics 2022/03/10 v1.4e Standard LaTeX Graphics (DPC,SPQR)
 (C:\Users\manul\AppData\Local\Programs\Paquete_Latex\tex/latex/graphics\trig.sty
Package: trig 2021/08/11 v1.11 sin cos tan (DPC)
) (C:\Users\manul\AppData\Local\Programs\Paquete_Latex\tex/latex/graphics-cfg\graphics.cfg
File: graphics.cfg 2016/06/04 v1.11 sample graphics configuration
)
Package graphics Info: Driver file: pdftex.def on input line 107.
 (C:\Users\manul\AppData\Local\Programs\Paquete_Latex\tex/latex/graphics-def\pdftex.def
File: pdftex.def 2022/09/22 v1.2b Graphics/color driver for pdftex
))
\Gin@req@height=\dimen165
\Gin@req@width=\dimen166
) (C:\Users\manul\AppData\Local\Programs\Paquete_Latex\tex/latex/amsmath\amsmath.sty
Package: amsmath 2023/05/13 v2.17o AMS math features
\@mathmargin=\skip51

For additional information on amsmath, use the `?' option.
(C:\Users\manul\AppData\Local\Programs\Paquete_Latex\tex/latex/amsmath\amstext.sty
Package: amstext 2021/08/26 v2.01 AMS text
 (C:\Users\manul\AppData\Local\Programs\Paquete_Latex\tex/latex/amsmath\amsgen.sty
File: amsgen.sty 1999/11/30 v2.0 generic functions
\@emptytoks=\toks22
\ex@=\dimen167
)) (C:\Users\manul\AppData\Local\Programs\Paquete_Latex\tex/latex/amsmath\amsbsy.sty
Package: amsbsy 1999/11/29 v1.2d Bold Symbols
\pmbraise@=\dimen168
) (C:\Users\manul\AppData\Local\Programs\Paquete_Latex\tex/latex/amsmath\amsopn.sty
Package: amsopn 2022/04/08 v2.04 operator names
)
\inf@bad=\count271
LaTeX Info: Redefining \frac on input line 234.
\uproot@=\count272
\leftroot@=\count273
LaTeX Info: Redefining \overline on input line 399.
LaTeX Info: Redefining \colon on input line 410.
\classnum@=\count274
\DOTSCASE@=\count275
LaTeX Info: Redefining \ldots on input line 496.
LaTeX Info: Redefining \dots on input line 499.
LaTeX Info: Redefining \cdots on input line 620.
\Mathstrutbox@=\box53
\strutbox@=\box54
LaTeX Info: Redefining \big on input line 722.
LaTeX Info: Redefining \Big on input line 723.
LaTeX Info: Redefining \bigg on input line 724.
LaTeX Info: Redefining \Bigg on input line 725.
\big@size=\dimen169
LaTeX Font Info:    Redeclaring font encoding OML on input line 743.
LaTeX Font Info:    Redeclaring font encoding OMS on input line 744.
\macc@depth=\count276
LaTeX Info: Redefining \bmod on input line 905.
LaTeX Info: Redefining \pmod on input line 910.
LaTeX Info: Redefining \smash on input line 940.
LaTeX Info: Redefining \relbar on input line 970.
LaTeX Info: Redefining \Relbar on input line 971.
\c@MaxMatrixCols=\count277
\dotsspace@=\muskip16
\c@parentequation=\count278
\dspbrk@lvl=\count279
\tag@help=\toks23
\row@=\count280
\column@=\count281
\maxfields@=\count282
\andhelp@=\toks24
\eqnshift@=\dimen170
\alignsep@=\dimen171
\tagshift@=\dimen172
\tagwidth@=\dimen173
\totwidth@=\dimen174
\lineht@=\dimen175
\@envbody=\toks25
\multlinegap=\skip52
\multlinetaggap=\skip53
\mathdisplay@stack=\toks26
LaTeX Info: Redefining \[ on input line 2953.
LaTeX Info: Redefining \] on input line 2954.
) (C:\Users\manul\AppData\Local\Programs\Paquete_Latex\tex/latex/amsfonts\amsfonts.sty
Package: amsfonts 2013/01/14 v3.01 Basic AMSFonts support
\symAMSa=\mathgroup6
\symAMSb=\mathgroup7
LaTeX Font Info:    Overwriting math alphabet `\mathfrak' in version `bold'
(Font)                  U/euf/m/n --> U/euf/b/n on input line 106.
) (C:\Users\manul\AppData\Local\Programs\Paquete_Latex\tex/latex/l3packages/xfrac\xfrac.sty (C:\Users\manul\AppData\Local\Programs\Paquete_Latex\tex/latex/l3kernel\expl3.sty
Package: expl3 2024-01-04 L3 programming layer (loader) 
 (C:\Users\manul\AppData\Local\Programs\Paquete_Latex\tex/latex/l3backend\l3backend-pdftex.def
File: l3backend-pdftex.def 2024-01-04 L3 backend support: PDF output (pdfTeX)
\l__color_backend_stack_int=\count283
\l__pdf_internal_box=\box55
)) (C:\Users\manul\AppData\Local\Programs\Paquete_Latex\tex/latex/l3packages/l3keys2e\l3keys2e.sty
Package: l3keys2e 2023-10-10 LaTeX2e option processing using LaTeX3 keys
) (C:\Users\manul\AppData\Local\Programs\Paquete_Latex\tex/latex/base\textcomp.sty
Package: textcomp 2020/02/02 v2.0n Standard LaTeX package
) (C:\Users\manul\AppData\Local\Programs\Paquete_Latex\tex/latex/l3packages/xparse\xparse.sty
Package: xparse 2023-10-10 L3 Experimental document command parser
) (C:\Users\manul\AppData\Local\Programs\Paquete_Latex\tex/latex/l3packages/xtemplate\xtemplate.sty
Package: xtemplate 2023-10-10 L3 Experimental prototype document functions
\l__xtemplate_tmp_dim=\dimen176
\l__xtemplate_tmp_int=\count284
\l__xtemplate_tmp_muskip=\muskip17
\l__xtemplate_tmp_skip=\skip54
)
Package: xfrac 2023-10-10 L3 Experimental split-level fractions
\l__xfrac_slash_box=\box56
\l__xfrac_tmp_box=\box57
\l__xfrac_denominator_bot_sep_dim=\dimen177
\l__xfrac_numerator_bot_sep_dim=\dimen178
\l__xfrac_numerator_top_sep_dim=\dimen179
\l__xfrac_slash_left_sep_dim=\dimen180
\l__xfrac_slash_right_sep_dim=\dimen181
\l__xfrac_slash_left_muskip=\muskip18
\l__xfrac_slash_right_muskip=\muskip19

Package xtemplate Info: Declaring object type 'xfrac' taking 3 argument(s) on
(xtemplate)             line 80.

) (C:\Users\manul\AppData\Local\Programs\Paquete_Latex\tex/latex/float\float.sty
Package: float 2001/11/08 v1.3d Float enhancements (AL)
\c@float@type=\count285
\float@exts=\toks27
\float@box=\box58
\@float@everytoks=\toks28
\@floatcapt=\box59
) (C:\Users\manul\AppData\Local\Programs\Paquete_Latex\tex/latex/enumitem\enumitem.sty
Package: enumitem 2019/06/20 v3.9 Customized lists
\labelindent=\skip55
\enit@outerparindent=\dimen182
\enit@toks=\toks29
\enit@inbox=\box60
\enit@count@id=\count286
\enitdp@description=\count287
) (C:\Users\manul\AppData\Local\Programs\Paquete_Latex\tex/latex/booktabs\booktabs.sty
Package: booktabs 2020/01/12 v1.61803398 Publication quality tables
\heavyrulewidth=\dimen183
\lightrulewidth=\dimen184
\cmidrulewidth=\dimen185
\belowrulesep=\dimen186
\belowbottomsep=\dimen187
\aboverulesep=\dimen188
\abovetopsep=\dimen189
\cmidrulesep=\dimen190
\cmidrulekern=\dimen191
\defaultaddspace=\dimen192
\@cmidla=\count288
\@cmidlb=\count289
\@aboverulesep=\dimen193
\@belowrulesep=\dimen194
\@thisruleclass=\count290
\@lastruleclass=\count291
\@thisrulewidth=\dimen195
) (C:\Users\manul\AppData\Local\Programs\Paquete_Latex\tex/latex/pgf/frontendlayer\tikz.sty (C:\Users\manul\AppData\Local\Programs\Paquete_Latex\tex/latex/pgf/basiclayer\pgf.sty (C:\Users\manul\AppData\Local\Programs\Paquete_Latex\tex/latex/pgf/utilities\pgfrcs.sty (C:\Users\manul\AppData\Local\Programs\Paquete_Latex\tex/generic/pgf/utilities\pgfutil-common.tex
\pgfutil@everybye=\toks30
\pgfutil@tempdima=\dimen196
\pgfutil@tempdimb=\dimen197
) (C:\Users\manul\AppData\Local\Programs\Paquete_Latex\tex/generic/pgf/utilities\pgfutil-latex.def
\pgfutil@abb=\box61
) (C:\Users\manul\AppData\Local\Programs\Paquete_Latex\tex/generic/pgf/utilities\pgfrcs.code.tex (C:\Users\manul\AppData\Local\Programs\Paquete_Latex\tex/generic/pgf\pgf.revision.tex)
Package: pgfrcs 2023-01-15 v3.1.10 (3.1.10)
))
Package: pgf 2023-01-15 v3.1.10 (3.1.10)
 (C:\Users\manul\AppData\Local\Programs\Paquete_Latex\tex/latex/pgf/basiclayer\pgfcore.sty (C:\Users\manul\AppData\Local\Programs\Paquete_Latex\tex/latex/pgf/systemlayer\pgfsys.sty (C:\Users\manul\AppData\Local\Programs\Paquete_Latex\tex/generic/pgf/systemlayer\pgfsys.code.tex
Package: pgfsys 2023-01-15 v3.1.10 (3.1.10)
 (C:\Users\manul\AppData\Local\Programs\Paquete_Latex\tex/generic/pgf/utilities\pgfkeys.code.tex
\pgfkeys@pathtoks=\toks31
\pgfkeys@temptoks=\toks32
 (C:\Users\manul\AppData\Local\Programs\Paquete_Latex\tex/generic/pgf/utilities\pgfkeyslibraryfiltered.code.tex
\pgfkeys@tmptoks=\toks33
))
\pgf@x=\dimen198
\pgf@y=\dimen199
\pgf@xa=\dimen256
\pgf@ya=\dimen257
\pgf@xb=\dimen258
\pgf@yb=\dimen259
\pgf@xc=\dimen260
\pgf@yc=\dimen261
\pgf@xd=\dimen262
\pgf@yd=\dimen263
\w@pgf@writea=\write3
\r@pgf@reada=\read3
\c@pgf@counta=\count292
\c@pgf@countb=\count293
\c@pgf@countc=\count294
\c@pgf@countd=\count295
\t@pgf@toka=\toks34
\t@pgf@tokb=\toks35
\t@pgf@tokc=\toks36
\pgf@sys@id@count=\count296
 (C:\Users\manul\AppData\Local\Programs\Paquete_Latex\tex/generic/pgf/systemlayer\pgf.cfg
File: pgf.cfg 2023-01-15 v3.1.10 (3.1.10)
)
Driver file for pgf: pgfsys-pdftex.def
 (C:\Users\manul\AppData\Local\Programs\Paquete_Latex\tex/generic/pgf/systemlayer\pgfsys-pdftex.def
File: pgfsys-pdftex.def 2023-01-15 v3.1.10 (3.1.10)
 (C:\Users\manul\AppData\Local\Programs\Paquete_Latex\tex/generic/pgf/systemlayer\pgfsys-common-pdf.def
File: pgfsys-common-pdf.def 2023-01-15 v3.1.10 (3.1.10)
))) (C:\Users\manul\AppData\Local\Programs\Paquete_Latex\tex/generic/pgf/systemlayer\pgfsyssoftpath.code.tex
File: pgfsyssoftpath.code.tex 2023-01-15 v3.1.10 (3.1.10)
\pgfsyssoftpath@smallbuffer@items=\count297
\pgfsyssoftpath@bigbuffer@items=\count298
) (C:\Users\manul\AppData\Local\Programs\Paquete_Latex\tex/generic/pgf/systemlayer\pgfsysprotocol.code.tex
File: pgfsysprotocol.code.tex 2023-01-15 v3.1.10 (3.1.10)
)) (C:\Users\manul\AppData\Local\Programs\Paquete_Latex\tex/latex/xcolor\xcolor.sty
Package: xcolor 2023/11/15 v3.01 LaTeX color extensions (UK)
 (C:\Users\manul\AppData\Local\Programs\Paquete_Latex\tex/latex/graphics-cfg\color.cfg
File: color.cfg 2016/01/02 v1.6 sample color configuration
)
Package xcolor Info: Driver file: pdftex.def on input line 274.
 (C:\Users\manul\AppData\Local\Programs\Paquete_Latex\tex/latex/graphics\mathcolor.ltx)
Package xcolor Info: Model `cmy' substituted by `cmy0' on input line 1350.
Package xcolor Info: Model `hsb' substituted by `rgb' on input line 1354.
Package xcolor Info: Model `RGB' extended on input line 1366.
Package xcolor Info: Model `HTML' substituted by `rgb' on input line 1368.
Package xcolor Info: Model `Hsb' substituted by `hsb' on input line 1369.
Package xcolor Info: Model `tHsb' substituted by `hsb' on input line 1370.
Package xcolor Info: Model `HSB' substituted by `hsb' on input line 1371.
Package xcolor Info: Model `Gray' substituted by `gray' on input line 1372.
Package xcolor Info: Model `wave' substituted by `hsb' on input line 1373.
) (C:\Users\manul\AppData\Local\Programs\Paquete_Latex\tex/generic/pgf/basiclayer\pgfcore.code.tex
Package: pgfcore 2023-01-15 v3.1.10 (3.1.10)
 (C:\Users\manul\AppData\Local\Programs\Paquete_Latex\tex/generic/pgf/math\pgfmath.code.tex (C:\Users\manul\AppData\Local\Programs\Paquete_Latex\tex/generic/pgf/math\pgfmathutil.code.tex) (C:\Users\manul\AppData\Local\Programs\Paquete_Latex\tex/generic/pgf/math\pgfmathparser.code.tex
\pgfmath@dimen=\dimen264
\pgfmath@count=\count299
\pgfmath@box=\box62
\pgfmath@toks=\toks37
\pgfmath@stack@operand=\toks38
\pgfmath@stack@operation=\toks39
) (C:\Users\manul\AppData\Local\Programs\Paquete_Latex\tex/generic/pgf/math\pgfmathfunctions.code.tex) (C:\Users\manul\AppData\Local\Programs\Paquete_Latex\tex/generic/pgf/math\pgfmathfunctions.basic.code.tex) (C:\Users\manul\AppData\Local\Programs\Paquete_Latex\tex/generic/pgf/math\pgfmathfunctions.trigonometric.code.tex) (C:\Users\manul\AppData\Local\Programs\Paquete_Latex\tex/generic/pgf/math\pgfmathfunctions.random.code.tex) (C:\Users\manul\AppData\Local\Programs\Paquete_Latex\tex/generic/pgf/math\pgfmathfunctions.comparison.code.tex) (C:\Users\manul\AppData\Local\Programs\Paquete_Latex\tex/generic/pgf/math\pgfmathfunctions.base.code.tex) (C:\Users\manul\AppData\Local\Programs\Paquete_Latex\tex/generic/pgf/math\pgfmathfunctions.round.code.tex) (C:\Users\manul\AppData\Local\Programs\Paquete_Latex\tex/generic/pgf/math\pgfmathfunctions.misc.code.tex) (C:\Users\manul\AppData\Local\Programs\Paquete_Latex\tex/generic/pgf/math\pgfmathfunctions.integerarithmetics.code.tex) (C:\Users\manul\AppData\Local\Programs\Paquete_Latex\tex/generic/pgf/math\pgfmathcalc.code.tex) (C:\Users\manul\AppData\Local\Programs\Paquete_Latex\tex/generic/pgf/math\pgfmathfloat.code.tex
\c@pgfmathroundto@lastzeros=\count300
)) (C:\Users\manul\AppData\Local\Programs\Paquete_Latex\tex/generic/pgf/math\pgfint.code.tex) (C:\Users\manul\AppData\Local\Programs\Paquete_Latex\tex/generic/pgf/basiclayer\pgfcorepoints.code.tex
File: pgfcorepoints.code.tex 2023-01-15 v3.1.10 (3.1.10)
\pgf@picminx=\dimen265
\pgf@picmaxx=\dimen266
\pgf@picminy=\dimen267
\pgf@picmaxy=\dimen268
\pgf@pathminx=\dimen269
\pgf@pathmaxx=\dimen270
\pgf@pathminy=\dimen271
\pgf@pathmaxy=\dimen272
\pgf@xx=\dimen273
\pgf@xy=\dimen274
\pgf@yx=\dimen275
\pgf@yy=\dimen276
\pgf@zx=\dimen277
\pgf@zy=\dimen278
) (C:\Users\manul\AppData\Local\Programs\Paquete_Latex\tex/generic/pgf/basiclayer\pgfcorepathconstruct.code.tex
File: pgfcorepathconstruct.code.tex 2023-01-15 v3.1.10 (3.1.10)
\pgf@path@lastx=\dimen279
\pgf@path@lasty=\dimen280
) (C:\Users\manul\AppData\Local\Programs\Paquete_Latex\tex/generic/pgf/basiclayer\pgfcorepathusage.code.tex
File: pgfcorepathusage.code.tex 2023-01-15 v3.1.10 (3.1.10)
\pgf@shorten@end@additional=\dimen281
\pgf@shorten@start@additional=\dimen282
) (C:\Users\manul\AppData\Local\Programs\Paquete_Latex\tex/generic/pgf/basiclayer\pgfcorescopes.code.tex
File: pgfcorescopes.code.tex 2023-01-15 v3.1.10 (3.1.10)
\pgfpic=\box63
\pgf@hbox=\box64
\pgf@layerbox@main=\box65
\pgf@picture@serial@count=\count301
) (C:\Users\manul\AppData\Local\Programs\Paquete_Latex\tex/generic/pgf/basiclayer\pgfcoregraphicstate.code.tex
File: pgfcoregraphicstate.code.tex 2023-01-15 v3.1.10 (3.1.10)
\pgflinewidth=\dimen283
) (C:\Users\manul\AppData\Local\Programs\Paquete_Latex\tex/generic/pgf/basiclayer\pgfcoretransformations.code.tex
File: pgfcoretransformations.code.tex 2023-01-15 v3.1.10 (3.1.10)
\pgf@pt@x=\dimen284
\pgf@pt@y=\dimen285
\pgf@pt@temp=\dimen286
) (C:\Users\manul\AppData\Local\Programs\Paquete_Latex\tex/generic/pgf/basiclayer\pgfcorequick.code.tex
File: pgfcorequick.code.tex 2023-01-15 v3.1.10 (3.1.10)
) (C:\Users\manul\AppData\Local\Programs\Paquete_Latex\tex/generic/pgf/basiclayer\pgfcoreobjects.code.tex
File: pgfcoreobjects.code.tex 2023-01-15 v3.1.10 (3.1.10)
) (C:\Users\manul\AppData\Local\Programs\Paquete_Latex\tex/generic/pgf/basiclayer\pgfcorepathprocessing.code.tex
File: pgfcorepathprocessing.code.tex 2023-01-15 v3.1.10 (3.1.10)
) (C:\Users\manul\AppData\Local\Programs\Paquete_Latex\tex/generic/pgf/basiclayer\pgfcorearrows.code.tex
File: pgfcorearrows.code.tex 2023-01-15 v3.1.10 (3.1.10)
\pgfarrowsep=\dimen287
) (C:\Users\manul\AppData\Local\Programs\Paquete_Latex\tex/generic/pgf/basiclayer\pgfcoreshade.code.tex
File: pgfcoreshade.code.tex 2023-01-15 v3.1.10 (3.1.10)
\pgf@max=\dimen288
\pgf@sys@shading@range@num=\count302
\pgf@shadingcount=\count303
) (C:\Users\manul\AppData\Local\Programs\Paquete_Latex\tex/generic/pgf/basiclayer\pgfcoreimage.code.tex
File: pgfcoreimage.code.tex 2023-01-15 v3.1.10 (3.1.10)
) (C:\Users\manul\AppData\Local\Programs\Paquete_Latex\tex/generic/pgf/basiclayer\pgfcoreexternal.code.tex
File: pgfcoreexternal.code.tex 2023-01-15 v3.1.10 (3.1.10)
\pgfexternal@startupbox=\box66
) (C:\Users\manul\AppData\Local\Programs\Paquete_Latex\tex/generic/pgf/basiclayer\pgfcorelayers.code.tex
File: pgfcorelayers.code.tex 2023-01-15 v3.1.10 (3.1.10)
) (C:\Users\manul\AppData\Local\Programs\Paquete_Latex\tex/generic/pgf/basiclayer\pgfcoretransparency.code.tex
File: pgfcoretransparency.code.tex 2023-01-15 v3.1.10 (3.1.10)
) (C:\Users\manul\AppData\Local\Programs\Paquete_Latex\tex/generic/pgf/basiclayer\pgfcorepatterns.code.tex
File: pgfcorepatterns.code.tex 2023-01-15 v3.1.10 (3.1.10)
) (C:\Users\manul\AppData\Local\Programs\Paquete_Latex\tex/generic/pgf/basiclayer\pgfcorerdf.code.tex
File: pgfcorerdf.code.tex 2023-01-15 v3.1.10 (3.1.10)
))) (C:\Users\manul\AppData\Local\Programs\Paquete_Latex\tex/generic/pgf/modules\pgfmoduleshapes.code.tex
File: pgfmoduleshapes.code.tex 2023-01-15 v3.1.10 (3.1.10)
\pgfnodeparttextbox=\box67
) (C:\Users\manul\AppData\Local\Programs\Paquete_Latex\tex/generic/pgf/modules\pgfmoduleplot.code.tex
File: pgfmoduleplot.code.tex 2023-01-15 v3.1.10 (3.1.10)
) (C:\Users\manul\AppData\Local\Programs\Paquete_Latex\tex/latex/pgf/compatibility\pgfcomp-version-0-65.sty
Package: pgfcomp-version-0-65 2023-01-15 v3.1.10 (3.1.10)
\pgf@nodesepstart=\dimen289
\pgf@nodesepend=\dimen290
) (C:\Users\manul\AppData\Local\Programs\Paquete_Latex\tex/latex/pgf/compatibility\pgfcomp-version-1-18.sty
Package: pgfcomp-version-1-18 2023-01-15 v3.1.10 (3.1.10)
)) (C:\Users\manul\AppData\Local\Programs\Paquete_Latex\tex/latex/pgf/utilities\pgffor.sty (C:\Users\manul\AppData\Local\Programs\Paquete_Latex\tex/latex/pgf/utilities\pgfkeys.sty (C:\Users\manul\AppData\Local\Programs\Paquete_Latex\tex/generic/pgf/utilities\pgfkeys.code.tex)) (C:\Users\manul\AppData\Local\Programs\Paquete_Latex\tex/latex/pgf/math\pgfmath.sty (C:\Users\manul\AppData\Local\Programs\Paquete_Latex\tex/generic/pgf/math\pgfmath.code.tex)) (C:\Users\manul\AppData\Local\Programs\Paquete_Latex\tex/generic/pgf/utilities\pgffor.code.tex
Package: pgffor 2023-01-15 v3.1.10 (3.1.10)
\pgffor@iter=\dimen291
\pgffor@skip=\dimen292
\pgffor@stack=\toks40
\pgffor@toks=\toks41
)) (C:\Users\manul\AppData\Local\Programs\Paquete_Latex\tex/generic/pgf/frontendlayer/tikz\tikz.code.tex
Package: tikz 2023-01-15 v3.1.10 (3.1.10)
 (C:\Users\manul\AppData\Local\Programs\Paquete_Latex\tex/generic/pgf/libraries\pgflibraryplothandlers.code.tex
File: pgflibraryplothandlers.code.tex 2023-01-15 v3.1.10 (3.1.10)
\pgf@plot@mark@count=\count304
\pgfplotmarksize=\dimen293
)
\tikz@lastx=\dimen294
\tikz@lasty=\dimen295
\tikz@lastxsaved=\dimen296
\tikz@lastysaved=\dimen297
\tikz@lastmovetox=\dimen298
\tikz@lastmovetoy=\dimen299
\tikzleveldistance=\dimen300
\tikzsiblingdistance=\dimen301
\tikz@figbox=\box68
\tikz@figbox@bg=\box69
\tikz@tempbox=\box70
\tikz@tempbox@bg=\box71
\tikztreelevel=\count305
\tikznumberofchildren=\count306
\tikznumberofcurrentchild=\count307
\tikz@fig@count=\count308
 (C:\Users\manul\AppData\Local\Programs\Paquete_Latex\tex/generic/pgf/modules\pgfmodulematrix.code.tex
File: pgfmodulematrix.code.tex 2023-01-15 v3.1.10 (3.1.10)
\pgfmatrixcurrentrow=\count309
\pgfmatrixcurrentcolumn=\count310
\pgf@matrix@numberofcolumns=\count311
)
\tikz@expandcount=\count312
 (C:\Users\manul\AppData\Local\Programs\Paquete_Latex\tex/generic/pgf/frontendlayer/tikz/libraries\tikzlibrarytopaths.code.tex
File: tikzlibrarytopaths.code.tex 2023-01-15 v3.1.10 (3.1.10)
))) (C:\Users\manul\AppData\Local\Programs\Paquete_Latex\tex/latex/pgfplots\pgfplots.sty (C:\Users\manul\AppData\Local\Programs\Paquete_Latex\tex/generic/pgfplots\pgfplots.revision.tex)
Package: pgfplots 2021/05/15 v1.18.1 Data Visualization (1.18.1)
 (C:\Users\manul\AppData\Local\Programs\Paquete_Latex\tex/generic/pgfplots\pgfplots.code.tex (C:\Users\manul\AppData\Local\Programs\Paquete_Latex\tex/generic/pgfplots\pgfplotscore.code.tex
\t@pgfplots@toka=\toks42
\t@pgfplots@tokb=\toks43
\t@pgfplots@tokc=\toks44
\pgfplots@tmpa=\dimen302
\c@pgfplots@coordindex=\count313
\c@pgfplots@scanlineindex=\count314
 (C:\Users\manul\AppData\Local\Programs\Paquete_Latex\tex/generic/pgfplots/sys\pgfplotssysgeneric.code.tex)) (C:\Users\manul\AppData\Local\Programs\Paquete_Latex\tex/generic/pgfplots/libs\pgfplotslibrary.code.tex) (C:\Users\manul\AppData\Local\Programs\Paquete_Latex\tex/generic/pgfplots/oldpgfcompatib\pgfplotsoldpgfsupp_loader.code.tex (C:\Users\manul\AppData\Local\Programs\Paquete_Latex\tex/generic/pgf/libraries\pgflibraryfpu.code.tex)
Package pgfplots: loading complementary utilities for your pgf version...
\t@pgf@toka=\toks45
\t@pgf@tokb=\toks46
\t@pgf@tokc=\toks47
(C:\Users\manul\AppData\Local\Programs\Paquete_Latex\tex/generic/pgfplots/oldpgfcompatib\pgfplotsoldpgfsupp_pgfutil-common-lists.tex)) (C:\Users\manul\AppData\Local\Programs\Paquete_Latex\tex/generic/pgfplots/util\pgfplotsutil.code.tex (C:\Users\manul\AppData\Local\Programs\Paquete_Latex\tex/generic/pgfplots/liststructure\pgfplotsliststructure.code.tex) (C:\Users\manul\AppData\Local\Programs\Paquete_Latex\tex/generic/pgfplots/liststructure\pgfplotsliststructureext.code.tex) (C:\Users\manul\AppData\Local\Programs\Paquete_Latex\tex/generic/pgfplots/liststructure\pgfplotsarray.code.tex
\c@pgfplotsarray@tmp=\count315
) (C:\Users\manul\AppData\Local\Programs\Paquete_Latex\tex/generic/pgfplots/liststructure\pgfplotsmatrix.code.tex) (C:\Users\manul\AppData\Local\Programs\Paquete_Latex\tex/generic/pgfplots/numtable\pgfplotstableshared.code.tex
\c@pgfplotstable@counta=\count316
\t@pgfplotstable@a=\toks48
) (C:\Users\manul\AppData\Local\Programs\Paquete_Latex\tex/generic/pgfplots/liststructure\pgfplotsdeque.code.tex) (C:\Users\manul\AppData\Local\Programs\Paquete_Latex\tex/generic/pgfplots/util\pgfplotsbinary.code.tex (C:\Users\manul\AppData\Local\Programs\Paquete_Latex\tex/generic/pgfplots/util\pgfplotsbinary.data.code.tex)) (C:\Users\manul\AppData\Local\Programs\Paquete_Latex\tex/generic/pgfplots/util\pgfplotsutil.verb.code.tex) (C:\Users\manul\AppData\Local\Programs\Paquete_Latex\tex/generic/pgfplots/libs\pgflibrarypgfplots.surfshading.code.tex
\c@pgfplotslibrarysurf@no=\count317
 (C:\Users\manul\AppData\Local\Programs\Paquete_Latex\tex/generic/pgfplots/sys\pgflibrarypgfplots.surfshading.pgfsys-pdftex.def))) (C:\Users\manul\AppData\Local\Programs\Paquete_Latex\tex/generic/pgfplots/util\pgfplotscolormap.code.tex (C:\Users\manul\AppData\Local\Programs\Paquete_Latex\tex/generic/pgfplots/util\pgfplotscolor.code.tex)) (C:\Users\manul\AppData\Local\Programs\Paquete_Latex\tex/generic/pgfplots\pgfplotsstackedplots.code.tex) (C:\Users\manul\AppData\Local\Programs\Paquete_Latex\tex/generic/pgfplots\pgfplotsplothandlers.code.tex (C:\Users\manul\AppData\Local\Programs\Paquete_Latex\tex/generic/pgfplots\pgfplotsmeshplothandler.code.tex (C:\Users\manul\AppData\Local\Programs\Paquete_Latex\tex/generic/pgfplots\pgfplotsmeshplotimage.code.tex))) (C:\Users\manul\AppData\Local\Programs\Paquete_Latex\tex/generic/pgfplots\pgfplots.scaling.code.tex) (C:\Users\manul\AppData\Local\Programs\Paquete_Latex\tex/generic/pgfplots\pgfplotscoordprocessing.code.tex) (C:\Users\manul\AppData\Local\Programs\Paquete_Latex\tex/generic/pgfplots\pgfplots.errorbars.code.tex) (C:\Users\manul\AppData\Local\Programs\Paquete_Latex\tex/generic/pgfplots\pgfplots.markers.code.tex) (C:\Users\manul\AppData\Local\Programs\Paquete_Latex\tex/generic/pgfplots\pgfplotsticks.code.tex) (C:\Users\manul\AppData\Local\Programs\Paquete_Latex\tex/generic/pgfplots\pgfplots.paths.code.tex) (C:\Users\manul\AppData\Local\Programs\Paquete_Latex\tex/generic/pgf/frontendlayer/tikz/libraries\tikzlibrarydecorations.code.tex (C:\Users\manul\AppData\Local\Programs\Paquete_Latex\tex/generic/pgf/modules\pgfmoduledecorations.code.tex
\pgfdecoratedcompleteddistance=\dimen303
\pgfdecoratedremainingdistance=\dimen304
\pgfdecoratedinputsegmentcompleteddistance=\dimen305
\pgfdecoratedinputsegmentremainingdistance=\dimen306
\pgf@decorate@distancetomove=\dimen307
\pgf@decorate@repeatstate=\count318
\pgfdecorationsegmentamplitude=\dimen308
\pgfdecorationsegmentlength=\dimen309
)
\tikz@lib@dec@box=\box72
) (C:\Users\manul\AppData\Local\Programs\Paquete_Latex\tex/generic/pgf/frontendlayer/tikz/libraries\tikzlibrarydecorations.pathmorphing.code.tex (C:\Users\manul\AppData\Local\Programs\Paquete_Latex\tex/generic/pgf/libraries/decorations\pgflibrarydecorations.pathmorphing.code.tex)) (C:\Users\manul\AppData\Local\Programs\Paquete_Latex\tex/generic/pgf/frontendlayer/tikz/libraries\tikzlibrarydecorations.pathreplacing.code.tex (C:\Users\manul\AppData\Local\Programs\Paquete_Latex\tex/generic/pgf/libraries/decorations\pgflibrarydecorations.pathreplacing.code.tex)) (C:\Users\manul\AppData\Local\Programs\Paquete_Latex\tex/generic/pgfplots/libs\tikzlibrarypgfplots.contourlua.code.tex)
\pgfplots@numplots=\count319
\pgfplots@xmin@reg=\dimen310
\pgfplots@xmax@reg=\dimen311
\pgfplots@ymin@reg=\dimen312
\pgfplots@ymax@reg=\dimen313
\pgfplots@zmin@reg=\dimen314
\pgfplots@zmax@reg=\dimen315
) (C:\Users\manul\AppData\Local\Programs\Paquete_Latex\tex/generic/pgf/frontendlayer/tikz/libraries\tikzlibraryplotmarks.code.tex
File: tikzlibraryplotmarks.code.tex 2023-01-15 v3.1.10 (3.1.10)
 (C:\Users\manul\AppData\Local\Programs\Paquete_Latex\tex/generic/pgf/libraries\pgflibraryplotmarks.code.tex
File: pgflibraryplotmarks.code.tex 2023-01-15 v3.1.10 (3.1.10)
))) (C:\Users\manul\AppData\Local\Programs\Paquete_Latex\tex/latex/circuitikz\circuitikz.sty
Package: circuitikz 2025/03/21{} The CircuiTikz circuit drawing package version 1.7.2
 (C:\Users\manul\AppData\Local\Programs\Paquete_Latex\tex/generic/pgf/frontendlayer/tikz/libraries\tikzlibrarycalc.code.tex
File: tikzlibrarycalc.code.tex 2023-01-15 v3.1.10 (3.1.10)
) (C:\Users\manul\AppData\Local\Programs\Paquete_Latex\tex/generic/pgf/libraries\pgflibraryarrows.meta.code.tex
File: pgflibraryarrows.meta.code.tex 2023-01-15 v3.1.10 (3.1.10)
\pgfarrowinset=\dimen316
\pgfarrowlength=\dimen317
\pgfarrowwidth=\dimen318
\pgfarrowlinewidth=\dimen319
) (C:\Users\manul\AppData\Local\Programs\Paquete_Latex\tex/generic/pgf/frontendlayer/tikz/libraries\tikzlibrarybending.code.tex
File: tikzlibrarybending.code.tex 2023-01-15 v3.1.10 (3.1.10)
 (C:\Users\manul\AppData\Local\Programs\Paquete_Latex\tex/generic/pgf/modules\pgfmodulebending.code.tex
File: pgfmodulebending.code.tex 2023-01-15 v3.1.10 (3.1.10)
 (C:\Users\manul\AppData\Local\Programs\Paquete_Latex\tex/generic/pgf/modules\pgfmodulenonlineartransformations.code.tex
File: pgfmodulenonlineartransformations.code.tex 2023-01-15 v3.1.10 (3.1.10)
\pgftransformnonlinearflatness=\dimen320
) (C:\Users\manul\AppData\Local\Programs\Paquete_Latex\tex/generic/pgf/libraries\pgflibrarycurvilinear.code.tex
File: pgflibrarycurvilinear.code.tex 2023-01-15 v3.1.10 (3.1.10)
\pgf@curvilinear@time@a=\dimen321
\pgf@curvilinear@length@a=\dimen322
\pgf@curvilinear@length@b=\dimen323
\pgf@curvilinear@length@c=\dimen324
\pgf@curvilinear@length@d=\dimen325
)
\pgf@arrows@the@rigidity=\dimen326
)) (C:\Users\manul\AppData\Local\Programs\Paquete_Latex\tex/generic/pgf/frontendlayer/tikz/libraries\tikzlibraryfpu.code.tex) (C:\Users\manul\AppData\Local\Programs\Paquete_Latex\tex/generic/circuitikz\pgfcirc.defines.tex
\pgf@circ@count@a=\count320
\pgf@circ@count@b=\count321
\pgf@circ@count@c=\count322
\pgf@circ@res@up=\dimen327
\pgf@circ@res@down=\dimen328
\pgf@circ@res@zero=\dimen329
\pgf@circ@res@left=\dimen330
\pgf@circ@res@right=\dimen331
\pgf@circ@res@other=\dimen332
\pgf@circ@res@step=\dimen333
\pgf@circ@res@temp=\dimen334
\pgf@circ@Rlen=\dimen335
\pgf@circ@scaled@Rlen=\dimen336
\pgfstartlinewidth=\dimen337
) (C:\Users\manul\AppData\Local\Programs\Paquete_Latex\tex/generic/circuitikz\pgfcircutils.tex
\ctikz@scratchbox=\box73
) (C:\Users\manul\AppData\Local\Programs\Paquete_Latex\tex/generic/circuitikz\pgfcircpath.tex) (C:\Users\manul\AppData\Local\Programs\Paquete_Latex\tex/generic/circuitikz\pgfcircshapes.tex) (C:\Users\manul\AppData\Local\Programs\Paquete_Latex\tex/generic/circuitikz\pgfcircmonopoles.tex) (C:\Users\manul\AppData\Local\Programs\Paquete_Latex\tex/generic/circuitikz\pgfcircbipoles.tex) (C:\Users\manul\AppData\Local\Programs\Paquete_Latex\tex/generic/circuitikz\pgfcirctripoles.tex
\pgf@circ@res@count=\count323
) (C:\Users\manul\AppData\Local\Programs\Paquete_Latex\tex/generic/circuitikz\pgfcircquadpoles.tex) (C:\Users\manul\AppData\Local\Programs\Paquete_Latex\tex/generic/circuitikz\pgfcircmultipoles.tex) (C:\Users\manul\AppData\Local\Programs\Paquete_Latex\tex/generic/circuitikz\pgfcirclabel.tex) (C:\Users\manul\AppData\Local\Programs\Paquete_Latex\tex/generic/circuitikz\pgfcircvoltage.tex
\pgfcirc@labelshift=\dimen338
) (C:\Users\manul\AppData\Local\Programs\Paquete_Latex\tex/generic/circuitikz\pgfcirccurrent.tex) (C:\Users\manul\AppData\Local\Programs\Paquete_Latex\tex/generic/circuitikz\pgfcircflow.tex)) (C:\Users\manul\AppData\Local\Programs\Paquete_Latex\tex/latex/hyperref\hyperref.sty
Package: hyperref 2023-11-26 v7.01g Hypertext links for LaTeX
 (C:\Users\manul\AppData\Local\Programs\Paquete_Latex\tex/generic/iftex\iftex.sty
Package: iftex 2022/02/03 v1.0f TeX engine tests
) (C:\Users\manul\AppData\Local\Programs\Paquete_Latex\tex/generic/infwarerr\infwarerr.sty
Package: infwarerr 2019/12/03 v1.5 Providing info/warning/error messages (HO)
) (C:\Users\manul\AppData\Local\Programs\Paquete_Latex\tex/latex/kvsetkeys\kvsetkeys.sty
Package: kvsetkeys 2022-10-05 v1.19 Key value parser (HO)
) (C:\Users\manul\AppData\Local\Programs\Paquete_Latex\tex/generic/kvdefinekeys\kvdefinekeys.sty
Package: kvdefinekeys 2019-12-19 v1.6 Define keys (HO)
) (C:\Users\manul\AppData\Local\Programs\Paquete_Latex\tex/generic/pdfescape\pdfescape.sty
Package: pdfescape 2019/12/09 v1.15 Implements pdfTeX's escape features (HO)
 (C:\Users\manul\AppData\Local\Programs\Paquete_Latex\tex/generic/ltxcmds\ltxcmds.sty
Package: ltxcmds 2023-12-04 v1.26 LaTeX kernel commands for general use (HO)
) (C:\Users\manul\AppData\Local\Programs\Paquete_Latex\tex/generic/pdftexcmds\pdftexcmds.sty
Package: pdftexcmds 2020-06-27 v0.33 Utility functions of pdfTeX for LuaTeX (HO)
Package pdftexcmds Info: \pdf@primitive is available.
Package pdftexcmds Info: \pdf@ifprimitive is available.
Package pdftexcmds Info: \pdfdraftmode found.
)) (C:\Users\manul\AppData\Local\Programs\Paquete_Latex\tex/latex/hycolor\hycolor.sty
Package: hycolor 2020-01-27 v1.10 Color options for hyperref/bookmark (HO)
) (C:\Users\manul\AppData\Local\Programs\Paquete_Latex\tex/latex/letltxmacro\letltxmacro.sty
Package: letltxmacro 2019/12/03 v1.6 Let assignment for LaTeX macros (HO)
) (C:\Users\manul\AppData\Local\Programs\Paquete_Latex\tex/latex/auxhook\auxhook.sty
Package: auxhook 2019-12-17 v1.6 Hooks for auxiliary files (HO)
) (C:\Users\manul\AppData\Local\Programs\Paquete_Latex\tex/latex/hyperref\nameref.sty
Package: nameref 2023-11-26 v2.56 Cross-referencing by name of section
 (C:\Users\manul\AppData\Local\Programs\Paquete_Latex\tex/latex/refcount\refcount.sty
Package: refcount 2019/12/15 v3.6 Data extraction from label references (HO)
) (C:\Users\manul\AppData\Local\Programs\Paquete_Latex\tex/generic/gettitlestring\gettitlestring.sty
Package: gettitlestring 2019/12/15 v1.6 Cleanup title references (HO)
 (C:\Users\manul\AppData\Local\Programs\Paquete_Latex\tex/latex/kvoptions\kvoptions.sty
Package: kvoptions 2022-06-15 v3.15 Key value format for package options (HO)
))
\c@section@level=\count324
) (C:\Users\manul\AppData\Local\Programs\Paquete_Latex\tex/latex/etoolbox\etoolbox.sty
Package: etoolbox 2020/10/05 v2.5k e-TeX tools for LaTeX (JAW)
\etb@tempcnta=\count325
)
\@linkdim=\dimen339
\Hy@linkcounter=\count326
\Hy@pagecounter=\count327
 (C:\Users\manul\AppData\Local\Programs\Paquete_Latex\tex/latex/hyperref\pd1enc.def
File: pd1enc.def 2023-11-26 v7.01g Hyperref: PDFDocEncoding definition (HO)
Now handling font encoding PD1 ...
... no UTF-8 mapping file for font encoding PD1
) (C:\Users\manul\AppData\Local\Programs\Paquete_Latex\tex/generic/intcalc\intcalc.sty
Package: intcalc 2019/12/15 v1.3 Expandable calculations with integers (HO)
)
\Hy@SavedSpaceFactor=\count328
 (C:\Users\manul\AppData\Local\Programs\Paquete_Latex\tex/latex/hyperref\puenc.def
File: puenc.def 2023-11-26 v7.01g Hyperref: PDF Unicode definition (HO)
Now handling font encoding PU ...
... no UTF-8 mapping file for font encoding PU
)
Package hyperref Info: Hyper figures OFF on input line 4181.
Package hyperref Info: Link nesting OFF on input line 4186.
Package hyperref Info: Hyper index ON on input line 4189.
Package hyperref Info: Plain pages OFF on input line 4196.
Package hyperref Info: Backreferencing OFF on input line 4201.
Package hyperref Info: Implicit mode ON; LaTeX internals redefined.
Package hyperref Info: Bookmarks ON on input line 4448.
\c@Hy@tempcnt=\count329
 (C:\Users\manul\AppData\Local\Programs\Paquete_Latex\tex/latex/url\url.sty
\Urlmuskip=\muskip20
Package: url 2013/09/16  ver 3.4  Verb mode for urls, etc.
)
LaTeX Info: Redefining \url on input line 4786.
\XeTeXLinkMargin=\dimen340
 (C:\Users\manul\AppData\Local\Programs\Paquete_Latex\tex/generic/bitset\bitset.sty
Package: bitset 2019/12/09 v1.3 Handle bit-vector datatype (HO)
 (C:\Users\manul\AppData\Local\Programs\Paquete_Latex\tex/generic/bigintcalc\bigintcalc.sty
Package: bigintcalc 2019/12/15 v1.5 Expandable calculations on big integers (HO)
))
\Fld@menulength=\count330
\Field@Width=\dimen341
\Fld@charsize=\dimen342
Package hyperref Info: Hyper figures OFF on input line 6065.
Package hyperref Info: Link nesting OFF on input line 6070.
Package hyperref Info: Hyper index ON on input line 6073.
Package hyperref Info: backreferencing OFF on input line 6080.
Package hyperref Info: Link coloring OFF on input line 6085.
Package hyperref Info: Link coloring with OCG OFF on input line 6090.
Package hyperref Info: PDF/A mode OFF on input line 6095.
 (C:\Users\manul\AppData\Local\Programs\Paquete_Latex\tex/latex/base\atbegshi-ltx.sty
Package: atbegshi-ltx 2021/01/10 v1.0c Emulation of the original atbegshi
package with kernel methods
)
\Hy@abspage=\count331
\c@Item=\count332
\c@Hfootnote=\count333
)
Package hyperref Info: Driver (autodetected): hpdftex.
 (C:\Users\manul\AppData\Local\Programs\Paquete_Latex\tex/latex/hyperref\hpdftex.def
File: hpdftex.def 2023-11-26 v7.01g Hyperref driver for pdfTeX
 (C:\Users\manul\AppData\Local\Programs\Paquete_Latex\tex/latex/base\atveryend-ltx.sty
Package: atveryend-ltx 2020/08/19 v1.0a Emulation of the original atveryend package
with kernel methods
)
\Fld@listcount=\count334
\c@bookmark@seq@number=\count335
 (C:\Users\manul\AppData\Local\Programs\Paquete_Latex\tex/latex/rerunfilecheck\rerunfilecheck.sty
Package: rerunfilecheck 2022-07-10 v1.10 Rerun checks for auxiliary files (HO)
 (C:\Users\manul\AppData\Local\Programs\Paquete_Latex\tex/generic/uniquecounter\uniquecounter.sty
Package: uniquecounter 2019/12/15 v1.4 Provide unlimited unique counter (HO)
)
Package uniquecounter Info: New unique counter `rerunfilecheck' on input line 285.
)
\Hy@SectionHShift=\skip56
) (C:\Users\manul\AppData\Local\Programs\Paquete_Latex\tex/latex/caption\caption.sty
Package: caption 2023/08/05 v3.6o Customizing captions (AR)
 (C:\Users\manul\AppData\Local\Programs\Paquete_Latex\tex/latex/caption\caption3.sty
Package: caption3 2023/07/31 v2.4d caption3 kernel (AR)
\caption@tempdima=\dimen343
\captionmargin=\dimen344
\caption@leftmargin=\dimen345
\caption@rightmargin=\dimen346
\caption@width=\dimen347
\caption@indent=\dimen348
\caption@parindent=\dimen349
\caption@hangindent=\dimen350
Package caption Info: Unknown document class (or package),
(caption)             standard defaults will be used.
Package caption Info: \@makecaption = \long macro:#1#2->\ifx \@captype \@IEEEtablestring \footnotesize \bgroup \par \centering \@IEEEtabletopskipstrut {\normalfont \footnotesize #1}\\{\normalfont \footnotesize \scshape #2}\par \addvspace {0.5\baselineskip }\egroup \@IEEEtablecaptionsepspace \else \@IEEEfigurecaptionsepspace \setbox \@tempboxa \hbox {\normalfont \footnotesize {#1.}\nobreakspace \nobreakspace #2}\ifdim \wd \@tempboxa >\hsize \setbox \@tempboxa \hbox {\normalfont \footnotesize {#1.}\nobreakspace \nobreakspace }\parbox [t]{\hsize }{\normalfont \footnotesize \noindent \unhbox \@tempboxa #2}\else \ifCLASSOPTIONconference \hbox to\hsize {\normalfont \footnotesize \hfil \box \@tempboxa \hfil }\else \hbox to\hsize {\normalfont \footnotesize \box \@tempboxa \hfil }\fi \fi \fi  on input line 1175.
)

Package caption Warning: Unknown document class (or package),
(caption)                standard defaults will be used.
See the caption package documentation for explanation.

\c@caption@flags=\count336
\c@continuedfloat=\count337
Package caption Info: float package is loaded.
Package caption Info: hyperref package is loaded.
) (C:\Users\manul\AppData\Local\Programs\Paquete_Latex\tex/latex/colortbl\colortbl.sty
Package: colortbl 2024/07/06 v1.0i Color table columns (DPC)
 (C:\Users\manul\AppData\Local\Programs\Paquete_Latex\tex/latex/tools\array.sty
Package: array 2023/10/16 v2.5g Tabular extension package (FMi)
\col@sep=\dimen351
\ar@mcellbox=\box74
\extrarowheight=\dimen352
\NC@list=\toks49
\extratabsurround=\skip57
\backup@length=\skip58
\ar@cellbox=\box75
)
\everycr=\toks50
\minrowclearance=\skip59
\rownum=\count338
)
Package hyperref Info: Option `colorlinks' set `true' on input line 33.
) (c:\Users\manul\Desktop\4to año\medidasElectronicas\TP4\build\main.aux
LaTeX Info: Redefining \. on input line 11.
LaTeX Info: Redefining \% on input line 11.
)
\openout1 = `main.aux'.

LaTeX Font Info:    Checking defaults for OML/cmm/m/it on input line 8.
LaTeX Font Info:    ... okay on input line 8.
LaTeX Font Info:    Checking defaults for OMS/cmsy/m/n on input line 8.
LaTeX Font Info:    ... okay on input line 8.
LaTeX Font Info:    Checking defaults for OT1/cmr/m/n on input line 8.
LaTeX Font Info:    ... okay on input line 8.
LaTeX Font Info:    Checking defaults for T1/cmr/m/n on input line 8.
LaTeX Font Info:    ... okay on input line 8.
LaTeX Font Info:    Checking defaults for TS1/cmr/m/n on input line 8.
LaTeX Font Info:    ... okay on input line 8.
LaTeX Font Info:    Checking defaults for OMX/cmex/m/n on input line 8.
LaTeX Font Info:    ... okay on input line 8.
LaTeX Font Info:    Checking defaults for U/cmr/m/n on input line 8.
LaTeX Font Info:    ... okay on input line 8.
LaTeX Font Info:    Checking defaults for PD1/pdf/m/n on input line 8.
LaTeX Font Info:    ... okay on input line 8.
LaTeX Font Info:    Checking defaults for PU/pdf/m/n on input line 8.
LaTeX Font Info:    ... okay on input line 8.

-- Lines per column: 58 (exact).
LaTeX Info: Redefining \. on input line 8.
LaTeX Info: Redefining \% on input line 8.
(C:\Users\manul\AppData\Local\Programs\Paquete_Latex\tex/context/base/mkii\supp-pdf.mkii
[Loading MPS to PDF converter (version 2006.09.02).]
\scratchcounter=\count339
\scratchdimen=\dimen353
\scratchbox=\box76
\nofMPsegments=\count340
\nofMParguments=\count341
\everyMPshowfont=\toks51
\MPscratchCnt=\count342
\MPscratchDim=\dimen354
\MPnumerator=\count343
\makeMPintoPDFobject=\count344
\everyMPtoPDFconversion=\toks52
) (C:\Users\manul\AppData\Local\Programs\Paquete_Latex\tex/latex/epstopdf-pkg\epstopdf-base.sty
Package: epstopdf-base 2020-01-24 v2.11 Base part for package epstopdf
Package epstopdf-base Info: Redefining graphics rule for `.eps' on input line 485.
 (C:\Users\manul\AppData\Local\Programs\Paquete_Latex\tex/latex/00miktex\epstopdf-sys.cfg
File: epstopdf-sys.cfg 2021/03/18 v2.0 Configuration of epstopdf for MiKTeX
))
Package pgfplots notification 'compat/show suggested version=true': document has been generated with the most recent feature set (\pgfplotsset{compat=1.18}).

Package hyperref Info: Link coloring ON on input line 8.
(c:\Users\manul\Desktop\4to año\medidasElectronicas\TP4\build\main.out) (c:\Users\manul\Desktop\4to año\medidasElectronicas\TP4\build\main.out)
\@outlinefile=\write4
\openout4 = `main.out'.

Package caption Info: Begin \AtBeginDocument code.
Package caption Info: End \AtBeginDocument code.
LaTeX Font Info:    Trying to load font information for OT1+ztmcm on input line 13.
 (C:\Users\manul\AppData\Local\Programs\Paquete_Latex\tex/latex/psnfss\ot1ztmcm.fd
File: ot1ztmcm.fd 2000/01/03 Fontinst v1.801 font definitions for OT1/ztmcm.
)
LaTeX Font Info:    Trying to load font information for OML+ztmcm on input line 13.
 (C:\Users\manul\AppData\Local\Programs\Paquete_Latex\tex/latex/psnfss\omlztmcm.fd
File: omlztmcm.fd 2000/01/03 Fontinst v1.801 font definitions for OML/ztmcm.
)
LaTeX Font Info:    Trying to load font information for OMS+ztmcm on input line 13.
 (C:\Users\manul\AppData\Local\Programs\Paquete_Latex\tex/latex/psnfss\omsztmcm.fd
File: omsztmcm.fd 2000/01/03 Fontinst v1.801 font definitions for OMS/ztmcm.
)
LaTeX Font Info:    Trying to load font information for OMX+ztmcm on input line 13.
 (C:\Users\manul\AppData\Local\Programs\Paquete_Latex\tex/latex/psnfss\omxztmcm.fd
File: omxztmcm.fd 2000/01/03 Fontinst v1.801 font definitions for OMX/ztmcm.
)
LaTeX Font Info:    Font shape `OT1/ptm/bx/n' in size <6> not available
(Font)              Font shape `OT1/ptm/b/n' tried instead on input line 34.
 (parte1.tex
LaTeX Font Info:    Font shape `OT1/ptm/bx/n' in size <7.4> not available
(Font)              Font shape `OT1/ptm/b/n' tried instead on input line 3.
<images/esquema1.png, id=46, 657.95813pt x 293.59688pt>
File: images/esquema1.png Graphic file (type png)
<use images/esquema1.png>
Package pdftex.def Info: images/esquema1.png  used on input line 7.
(pdftex.def)             Requested size: 258.0pt x 115.12502pt.

Overfull \hbox (6.0pt too wide) in paragraph at lines 7--8
 [][] 
 []

<images/prueba7.jpeg, id=48, 862.72313pt x 542.025pt>
File: images/prueba7.jpeg Graphic file (type jpg)
<use images/prueba7.jpeg>
Package pdftex.def Info: images/prueba7.jpeg  used on input line 17.
(pdftex.def)             Requested size: 206.39685pt x 129.66685pt.
<images/senalv1.jpeg, id=49, 371.13657pt x 338.76563pt>
File: images/senalv1.jpeg Graphic file (type jpg)
<use images/senalv1.jpeg>
Package pdftex.def Info: images/senalv1.jpeg  used on input line 30.
(pdftex.def)             Requested size: 258.0pt x 235.50085pt.

Overfull \hbox (6.0pt too wide) in paragraph at lines 30--31
 [][] 
 []

[1{C:/Users/manul/AppData/Local/MiKTeX/fonts/map/pdftex/pdftex.map}{C:/Users/manul/AppData/Local/Programs/Paquete_Latex/fonts/enc/dvips/base/8r.enc}


 <./images/esquema1.png> <./images/prueba7.jpeg> <./images/senalv1.jpeg>]
<images/senalcanal2.jpeg, id=64, 444.91219pt x 331.2375pt>
File: images/senalcanal2.jpeg Graphic file (type jpg)
<use images/senalcanal2.jpeg>
Package pdftex.def Info: images/senalcanal2.jpeg  used on input line 39.
(pdftex.def)             Requested size: 258.0pt x 192.08249pt.

Overfull \hbox (6.0pt too wide) in paragraph at lines 39--40
 [][] 
 []

<images/lissajous.png, id=65, 215.00325pt x 139.722pt>
File: images/lissajous.png Graphic file (type png)
<use images/lissajous.png>
Package pdftex.def Info: images/lissajous.png  used on input line 62.
(pdftex.def)             Requested size: 258.0pt x 167.66554pt.

Overfull \hbox (6.0pt too wide) in paragraph at lines 62--63
 [][] 
 []

<images/lissajaus2exp.jpeg, id=67, 502.87875pt x 391.4625pt>
File: images/lissajaus2exp.jpeg Graphic file (type jpg)
<use images/lissajaus2exp.jpeg>
Package pdftex.def Info: images/lissajaus2exp.jpeg  used on input line 80.
(pdftex.def)             Requested size: 258.0pt x 200.83788pt.

Overfull \hbox (6.0pt too wide) in paragraph at lines 80--81
 [][] 
 []

[2 <./images/senalcanal2.jpeg> <./images/lissajous.png> <./images/lissajaus2exp.jpeg>]
Underfull \hbox (badness 2181) in paragraph at lines 199--200
[]\OT1/ptm/m/n/10 Para es-te ca-so el va-lor es de $\OML/ztmcm/m/it/10 C \OT1/ztmcm/m/n/10 = 4\OML/ztmcm/m/it/10 ; \OT1/ztmcm/m/n/10 4365\OML/ztmcm/m/it/10 uF$\OT1/ptm/m/n/10 . Pa-ra
 []


Underfull \hbox (badness 10000) in paragraph at lines 199--200

 []

<images/senalcanal2corr.jpeg, id=84, 456.20438pt x 356.83313pt>
File: images/senalcanal2corr.jpeg Graphic file (type jpg)
<use images/senalcanal2corr.jpeg>
Package pdftex.def Info: images/senalcanal2corr.jpeg  used on input line 205.
(pdftex.def)             Requested size: 258.0pt x 201.8071pt.

Overfull \hbox (6.0pt too wide) in paragraph at lines 205--206
 [][] 
 []

<images/defasajecor.jpeg, id=85, 542.025pt x 410.2828pt>
File: images/defasajecor.jpeg Graphic file (type jpg)
<use images/defasajecor.jpeg>
Package pdftex.def Info: images/defasajecor.jpeg  used on input line 214.
(pdftex.def)             Requested size: 258.0pt x 195.29955pt.

Overfull \hbox (6.0pt too wide) in paragraph at lines 214--215
 [][] 
 []

[3 <./images/senalcanal2corr.jpeg> <./images/defasajecor.jpeg>]) (parte2.tex
<images/esquema3.png, id=95, 595.47469pt x 241.65282pt>
File: images/esquema3.png Graphic file (type png)
<use images/esquema3.png>
Package pdftex.def Info: images/esquema3.png  used on input line 7.
(pdftex.def)             Requested size: 258.0pt x 104.69777pt.

Overfull \hbox (6.0pt too wide) in paragraph at lines 7--8
 [][] 
 []

<images/cuadrada.jpeg, id=98, 493.845pt x 373.395pt>
File: images/cuadrada.jpeg Graphic file (type jpg)
<use images/cuadrada.jpeg>
Package pdftex.def Info: images/cuadrada.jpeg  used on input line 36.
(pdftex.def)             Requested size: 258.0pt x 195.07242pt.

Overfull \hbox (6.0pt too wide) in paragraph at lines 36--37
 [][] 
 []

<images/triangular.jpeg, id=99, 486.31688pt x 362.10281pt>
File: images/triangular.jpeg Graphic file (type jpg)
<use images/triangular.jpeg>
Package pdftex.def Info: images/triangular.jpeg  used on input line 43.
(pdftex.def)             Requested size: 258.0pt x 192.10143pt.

Overfull \hbox (6.0pt too wide) in paragraph at lines 43--44
 [][] 
 []

[4 <./images/esquema3.png> <./images/cuadrada.jpeg>]
<images/medcuadrada.jpeg, id=110, 531.48563pt x 421.575pt>
File: images/medcuadrada.jpeg Graphic file (type jpg)
<use images/medcuadrada.jpeg>
Package pdftex.def Info: images/medcuadrada.jpeg  used on input line 50.
(pdftex.def)             Requested size: 258.0pt x 204.65016pt.

Overfull \hbox (6.0pt too wide) in paragraph at lines 50--51
 [][] 
 []

<images/medtrangular.jpeg, id=111, 487.8225pt x 375.65344pt>
File: images/medtrangular.jpeg Graphic file (type jpg)
<use images/medtrangular.jpeg>
Package pdftex.def Info: images/medtrangular.jpeg  used on input line 57.
(pdftex.def)             Requested size: 258.0pt x 198.67693pt.

Overfull \hbox (6.0pt too wide) in paragraph at lines 57--58
 [][] 
 []

<images/esquema4.png, id=112, 592.46344pt x 268.00125pt>
File: images/esquema4.png Graphic file (type png)
<use images/esquema4.png>
Package pdftex.def Info: images/esquema4.png  used on input line 88.
(pdftex.def)             Requested size: 258.0pt x 116.71045pt.

Overfull \hbox (6.0pt too wide) in paragraph at lines 88--89
 [][] 
 []

<images/esquema4a.png, id=113, 429.85594pt x 248.42813pt>
File: images/esquema4a.png Graphic file (type png)
<use images/esquema4a.png>
Package pdftex.def Info: images/esquema4a.png  used on input line 98.
(pdftex.def)             Requested size: 258.0pt x 149.1073pt.

Overfull \hbox (6.0pt too wide) in paragraph at lines 98--99
 [][] 
 []

[5 <./images/triangular.jpeg> <./images/medcuadrada.jpeg> <./images/medtrangular.jpeg> <./images/esquema4.png> <./images/esquema4a.png>]
<images/imple4.jpeg, id=123, 538.26094pt x 435.12563pt>
File: images/imple4.jpeg Graphic file (type jpg)
<use images/imple4.jpeg>
Package pdftex.def Info: images/imple4.jpeg  used on input line 106.
(pdftex.def)             Requested size: 258.0pt x 208.56578pt.

Overfull \hbox (6.0pt too wide) in paragraph at lines 106--107
 [][] 
 []

<images/30g.jpeg, id=124, 478.03593pt x 368.87813pt>
File: images/30g.jpeg Graphic file (type jpg)
<use images/30g.jpeg>
Package pdftex.def Info: images/30g.jpeg  used on input line 133.
(pdftex.def)             Requested size: 258.0pt x 199.08427pt.

Overfull \hbox (6.0pt too wide) in paragraph at lines 133--134
 [][] 
 []


Underfull \hbox (badness 10000) in paragraph at lines 162--163

 []

<images/148g.jpeg, id=125, 457.71pt x 344.03531pt>
File: images/148g.jpeg Graphic file (type jpg)
<use images/148g.jpeg>
Package pdftex.def Info: images/148g.jpeg  used on input line 168.
(pdftex.def)             Requested size: 258.0pt x 193.92885pt.

Overfull \hbox (6.0pt too wide) in paragraph at lines 168--169
 [][] 
 []

<images/ejer4.png, id=126, 703.9098pt x 394.5942pt>
File: images/ejer4.png Graphic file (type png)
<use images/ejer4.png>
Package pdftex.def Info: images/ejer4.png  used on input line 177.
(pdftex.def)             Requested size: 258.0pt x 144.62477pt.

Overfull \hbox (6.0pt too wide) in paragraph at lines 177--178
 [][] 
 []

) (parte3.tex [6 <./images/imple4.jpeg> <./images/30g.jpeg> <./images/148g.jpeg> <./images/ejer4.png>]
<images/esquema5.png, id=138, 438.13687pt x 228.855pt>
File: images/esquema5.png Graphic file (type png)
<use images/esquema5.png>
Package pdftex.def Info: images/esquema5.png  used on input line 7.
(pdftex.def)             Requested size: 258.0pt x 134.76486pt.

Overfull \hbox (6.0pt too wide) in paragraph at lines 7--8
 [][] 
 []

<images/ejercicio5.jpeg, id=139, 480.29437pt x 513.41812pt>
File: images/ejercicio5.jpeg Graphic file (type jpg)
<use images/ejercicio5.jpeg>
Package pdftex.def Info: images/ejercicio5.jpeg  used on input line 16.
(pdftex.def)             Requested size: 258.0pt x 275.79233pt.

Overfull \hbox (6.0pt too wide) in paragraph at lines 16--17
 [][] 
 []

) (conclusiones.tex) [7 <./images/esquema5.png> <./images/ejercicio5.jpeg>] (c:\Users\manul\Desktop\4to año\medidasElectronicas\TP4\build\main.aux
LaTeX Info: Redefining \. on input line 11.
LaTeX Info: Redefining \% on input line 11.
)
 ***********
LaTeX2e <2023-11-01> patch level 1
L3 programming layer <2024-01-04>
 ***********
Package rerunfilecheck Info: File `main.out' has not changed.
(rerunfilecheck)             Checksum: 764A18614F811A3D6D44D9616ABB820F;1819.
 ) 
Here is how much of TeX's memory you used:
 52511 strings out of 474486
 1355429 string characters out of 5740472
 2081866 words of memory out of 5000000
 74106 multiletter control sequences out of 15000+600000
 618889 words of font info for 157 fonts, out of 8000000 for 9000
 1141 hyphenation exceptions out of 8191
 99i,18n,107p,818b,609s stack positions out of 10000i,1000n,20000p,200000b,200000s
<C:/Users/manul/AppData/Local/Programs/Paquete_Latex/fonts/type1/public/amsfonts/cm/cmex10.pfb><C:/Users/manul/AppData/Local/Programs/Paquete_Latex/fonts/type1/public/amsfonts/cm/cmmi10.pfb><C:/Users/manul/AppData/Local/Programs/Paquete_Latex/fonts/type1/public/amsfonts/cm/cmr10.pfb><C:/Users/manul/AppData/Local/Programs/Paquete_Latex/fonts/type1/public/amsfonts/cm/cmsy10.pfb><C:/Users/manul/AppData/Local/Programs/Paquete_Latex/fonts/type1/urw/symbol/usyr.pfb><C:/Users/manul/AppData/Local/Programs/Paquete_Latex/fonts/type1/urw/symbol/usyr.pfb><C:/Users/manul/AppData/Local/Programs/Paquete_Latex/fonts/type1/urw/times/utmb8a.pfb><C:/Users/manul/AppData/Local/Programs/Paquete_Latex/fonts/type1/urw/times/utmbi8a.pfb><C:/Users/manul/AppData/Local/Programs/Paquete_Latex/fonts/type1/urw/times/utmr8a.pfb><C:/Users/manul/AppData/Local/Programs/Paquete_Latex/fonts/type1/urw/times/utmri8a.pfb>
Output written on "c:\Users\manul\Desktop\4to año\medidasElectronicas\TP4\build\main.pdf" (7 pages, 1625544 bytes).
PDF statistics:
 209 PDF objects out of 1000 (max. 8388607)
 49 named destinations out of 1000 (max. 500000)
 198 words of extra memory for PDF output out of 10000 (max. 10000000)

